This is pdfTeX, Version 3.141592653-2.6-1.40.28 (MiKTeX 25.12) (preloaded format=pdflatex.fmt)
 restricted \write18 enabled.
entering extended mode
(paper.tex
LaTeX2e <2025-11-01>
L3 programming layer <2025-12-24>

(C:\Users\KIIT0001\AppData\Local\Programs\MiKTeX\tex/latex/ieeetran\IEEEtran.cl
s
Document Class: IEEEtran 2015/08/26 V1.8b by Michael Shell
-- See the "IEEEtran_HOWTO" manual for usage information.
-- http://www.michaelshell.org/tex/ieeetran/
(C:\Users\KIIT0001\AppData\Local\Programs\MiKTeX\tex/latex/psnfss\ot1ptm.fd)
-- Using 8.5in x 11in (letter) paper.
-- Using PDF output.
-- This is a 10 point document.
)
** ATTENTION: Overriding command lockouts (line 2).
(C:\Users\KIIT0001\AppData\Local\Programs\MiKTeX\tex/latex/base\inputenc.sty
(C:\Users\KIIT0001\AppData\Local\Programs\MiKTeX\tex/latex/base\latin1.def))
(C:\Users\KIIT0001\AppData\Local\Programs\MiKTeX\tex/latex/cite\cite.sty)
(C:\Users\KIIT0001\AppData\Local\Programs\MiKTeX\tex/latex/amsmath\amsmath.sty
For additional information on amsmath, use the `?' option.
(C:\Users\KIIT0001\AppData\Local\Programs\MiKTeX\tex/latex/amsmath\amstext.sty
(C:\Users\KIIT0001\AppData\Local\Programs\MiKTeX\tex/latex/amsmath\amsgen.sty))
 (C:\Users\KIIT0001\AppData\Local\Programs\MiKTeX\tex/latex/amsmath\amsbsy.sty)
 (C:\Users\KIIT0001\AppData\Local\Programs\MiKTeX\tex/latex/amsmath\amsopn.sty)
)
(C:\Users\KIIT0001\AppData\Local\Programs\MiKTeX\tex/latex/amsfonts\amssymb.sty

(C:\Users\KIIT0001\AppData\Local\Programs\MiKTeX\tex/latex/amsfonts\amsfonts.st
y))
(C:\Users\KIIT0001\AppData\Local\Programs\MiKTeX\tex/latex/algorithms\algorithm
ic.sty
(C:\Users\KIIT0001\AppData\Local\Programs\MiKTeX\tex/latex/base\ifthen.sty)
(C:\Users\KIIT0001\AppData\Local\Programs\MiKTeX\tex/latex/graphics\keyval.sty)
)
(C:\Users\KIIT0001\AppData\Local\Programs\MiKTeX\tex/latex/graphics\graphicx.st
y
(C:\Users\KIIT0001\AppData\Local\Programs\MiKTeX\tex/latex/graphics\graphics.st
y (C:\Users\KIIT0001\AppData\Local\Programs\MiKTeX\tex/latex/graphics\trig.sty)

(C:\Users\KIIT0001\AppData\Local\Programs\MiKTeX\tex/latex/graphics-cfg\graphic
s.cfg)
(C:\Users\KIIT0001\AppData\Local\Programs\MiKTeX\tex/latex/graphics-def\pdftex.
def)))
(C:\Users\KIIT0001\AppData\Local\Programs\MiKTeX\tex/latex/base\textcomp.sty)
(C:\Users\KIIT0001\AppData\Local\Programs\MiKTeX\tex/latex/xcolor\xcolor.sty
(C:\Users\KIIT0001\AppData\Local\Programs\MiKTeX\tex/latex/graphics-cfg\color.c
fg)
(C:\Users\KIIT0001\AppData\Local\Programs\MiKTeX\tex/latex/graphics\mathcolor.l
tx)) (C:\Users\KIIT0001\AppData\Local\Programs\MiKTeX\tex/latex/float\float.sty
)
(C:\Users\KIIT0001\AppData\Local\Programs\MiKTeX\tex/latex/booktabs\booktabs.st
y) (C:\Users\KIIT0001\AppData\Local\Programs\MiKTeX\tex/latex/tools\array.sty)
(C:\Users\KIIT0001\AppData\Local\Programs\MiKTeX\tex/latex/hyperref\hyperref.st
y (C:\Users\KIIT0001\AppData\Local\Programs\MiKTeX\tex/generic/iftex\iftex.sty)

(C:\Users\KIIT0001\AppData\Local\Programs\MiKTeX\tex/latex/kvsetkeys\kvsetkeys.
sty)
(C:\Users\KIIT0001\AppData\Local\Programs\MiKTeX\tex/generic/kvdefinekeys\kvdef
inekeys.sty)

! LaTeX Error: File `pdfescape.sty' not found.

Type X to quit or <RETURN> to proceed,
or enter new name. (Default extension: sty)

Enter file name: 
! Emergency stop.
<read *> 
         
l.126 \RequirePackage{pdfescape}[2007/11/11]
                                            ^^M
!  ==> Fatal error occurred, no output PDF file produced!
Transcript written on paper.log.
pdflatex: major issue: So far, you have not checked for MiKTeX updates.
